Component: ARM Compiler 5.06 update 6 (build 750) Tool: armlink [4d35ed]

==============================================================================

Small function inlining results

Inlined total of 0 calls.

==============================================================================

Memory Map of the image

  Image Entry point : 0x000000d5

  Load Region LR_1 (Base: 0x00000000, Size: 0x000023e8, Max: 0xffffffff, ABSOLUTE)

    Execution Region ER_RO (Exec base: 0x00000000, Load base: 0x00000000, Size: 0x000023b8, Max: 0xffffffff, ABSOLUTE)

    Exec Addr    Load Addr    Size         Type   Attr      Idx    E Section Name        Object

    0x00000000   0x00000000   0x000000c0   Data   RO          114    RESET               startup_nuc100series.o
    0x000000c0   0x000000c0   0x00000000   Code   RO         1122  * .ARM.Collect$$$$00000000  mc_p.l(entry.o)
    0x000000c0   0x000000c0   0x00000004   Code   RO         1158    .ARM.Collect$$$$00000001  mc_p.l(entry2.o)
    0x000000c4   0x000000c4   0x00000004   Code   RO         1161    .ARM.Collect$$$$00000004  mc_p.l(entry5.o)
    0x000000c8   0x000000c8   0x00000000   Code   RO         1163    .ARM.Collect$$$$00000008  mc_p.l(entry7b.o)
    0x000000c8   0x000000c8   0x00000000   Code   RO         1165    .ARM.Collect$$$$0000000A  mc_p.l(entry8b.o)
    0x000000c8   0x000000c8   0x00000008   Code   RO         1166    .ARM.Collect$$$$0000000B  mc_p.l(entry9a.o)
    0x000000d0   0x000000d0   0x00000000   Code   RO         1168    .ARM.Collect$$$$0000000D  mc_p.l(entry10a.o)
    0x000000d0   0x000000d0   0x00000000   Code   RO         1170    .ARM.Collect$$$$0000000F  mc_p.l(entry11a.o)
    0x000000d0   0x000000d0   0x00000004   Code   RO         1159    .ARM.Collect$$$$00002712  mc_p.l(entry2.o)
    0x000000d4   0x000000d4   0x0000004c   Code   RO          115  * .text               startup_nuc100series.o
    0x00000120   0x00000120   0x0000002c   Code   RO         1123    .text               mc_p.l(uidiv.o)
    0x0000014c   0x0000014c   0x00000164   Code   RO         1127    .text               mf_p.l(dadd.o)
    0x000002b0   0x000002b0   0x000000d0   Code   RO         1129    .text               mf_p.l(dmul.o)
    0x00000380   0x00000380   0x000000f0   Code   RO         1131    .text               mf_p.l(ddiv.o)
    0x00000470   0x00000470   0x00000028   Code   RO         1133    .text               mf_p.l(dflti.o)
    0x00000498   0x00000498   0x00000032   Code   RO         1135    .text               mf_p.l(ffixi.o)
    0x000004ca   0x000004ca   0x00000038   Code   RO         1137    .text               mf_p.l(d2f.o)
    0x00000502   0x00000502   0x00000020   Code   RO         1172    .text               mc_p.l(llshl.o)
    0x00000522   0x00000522   0x00000026   Code   RO         1174    .text               mc_p.l(llsshr.o)
    0x00000548   0x00000548   0x00000000   Code   RO         1183    .text               mc_p.l(iusefp.o)
    0x00000548   0x00000548   0x00000082   Code   RO         1184    .text               mf_p.l(fepilogue.o)
    0x000005ca   0x000005ca   0x000000be   Code   RO         1186    .text               mf_p.l(depilogue.o)
    0x00000688   0x00000688   0x0000002c   Code   RO         1190    .text               mf_p.l(dscalb.o)
    0x000006b4   0x000006b4   0x000000a2   Code   RO         1192    .text               mf_p.l(dsqrt.o)
    0x00000756   0x00000756   0x00000002   PAD
    0x00000758   0x00000758   0x00000028   Code   RO         1196    .text               mf_p.l(cdrcmple.o)
    0x00000780   0x00000780   0x00000024   Code   RO         1198    .text               mc_p.l(init.o)
    0x000007a4   0x000007a4   0x00000022   Code   RO         1200    .text               mc_p.l(llushr.o)
    0x000007c6   0x000007c6   0x00000002   PAD
    0x000007c8   0x000007c8   0x00000030   Code   RO          208    i.CLK_EnableModuleClock  clk.o
    0x000007f8   0x000007f8   0x00000198   Code   RO          209    i.CLK_EnablePLL     clk.o
    0x00000990   0x00000990   0x00000010   Code   RO          211    i.CLK_EnableXtalRC  clk.o
    0x000009a0   0x000009a0   0x00000010   Code   RO          213    i.CLK_GetHCLKFreq   clk.o
    0x000009b0   0x000009b0   0x00000058   Code   RO          503    i.CLK_GetPLLClockFreq  spi.o
    0x00000a08   0x00000a08   0x00000078   Code   RO          219    i.CLK_SetCoreClock  clk.o
    0x00000a80   0x00000a80   0x00000048   Code   RO          220    i.CLK_SetHCLK       clk.o
    0x00000ac8   0x00000ac8   0x000000cc   Code   RO          221    i.CLK_SetModuleClock  clk.o
    0x00000b94   0x00000b94   0x0000002c   Code   RO          223    i.CLK_WaitClockReady  clk.o
    0x00000bc0   0x00000bc0   0x00000038   Code   RO          393    i.I2C_Open          i2c.o
    0x00000bf8   0x00000bf8   0x00000010   Code   RO          733    i.I2C_STOP          i2cdev.o
    0x00000c08   0x00000c08   0x0000007c   Code   RO          734    i.I2C_readBytes     i2cdev.o
    0x00000c84   0x00000c84   0x0000005c   Code   RO          735    i.I2C_writeBytes    i2cdev.o
    0x00000ce0   0x00000ce0   0x0000002c   Code   RO          788    i.Init_MPU6050      mpu6050.o
    0x00000d0c   0x00000d0c   0x0000001c   Code   RO          789    i.MPU6050_ReadByte  mpu6050.o
    0x00000d28   0x00000d28   0x0000001c   Code   RO          790    i.MPU6050_WriteByte  mpu6050.o
    0x00000d44   0x00000d44   0x00000018   Code   RO          791    i.Read_MPU6050_AccX  mpu6050.o
    0x00000d5c   0x00000d5c   0x00000018   Code   RO          792    i.Read_MPU6050_AccY  mpu6050.o
    0x00000d74   0x00000d74   0x00000018   Code   RO          793    i.Read_MPU6050_AccZ  mpu6050.o
    0x00000d8c   0x00000d8c   0x0000000a   Code   RO          508    i.SPI_DisableAutoSS  spi.o
    0x00000d96   0x00000d96   0x00000002   PAD
    0x00000d98   0x00000d98   0x0000016c   Code   RO          517    i.SPI_Open          spi.o
    0x00000f04   0x00000f04   0x00000098   Code   RO          707    i.SYS_Init          sys_init.o
    0x00000f9c   0x00000f9c   0x00000090   Code   RO            3    i.SystemCoreClockUpdate  system_nuc100series.o
    0x0000102c   0x0000102c   0x00000002   Code   RO            4    i.SystemInit        system_nuc100series.o
    0x0000102e   0x0000102e   0x0000002e   Code   RO         1188    i.__ARM_clz         mf_p.l(depilogue.o)
    0x0000105c   0x0000105c   0x0000002c   Code   RO         1153    i.__ARM_fpclassify  m_ps.l(fpclassify.o)
    0x00001088   0x00001088   0x000000ac   Code   RO         1155    i.__kernel_poly     m_ps.l(poly.o)
    0x00001134   0x00001134   0x00000014   Code   RO         1139    i.__mathlib_dbl_divzero  m_ps.l(dunder.o)
    0x00001148   0x00001148   0x0000000a   Code   RO         1140    i.__mathlib_dbl_infnan  m_ps.l(dunder.o)
    0x00001152   0x00001152   0x00000008   Code   RO         1141    i.__mathlib_dbl_infnan2  m_ps.l(dunder.o)
    0x0000115a   0x0000115a   0x00000010   Code   RO         1142    i.__mathlib_dbl_invalid  m_ps.l(dunder.o)
    0x0000116a   0x0000116a   0x00000002   PAD
    0x0000116c   0x0000116c   0x00000014   Code   RO         1143    i.__mathlib_dbl_overflow  m_ps.l(dunder.o)
    0x00001180   0x00001180   0x00000014   Code   RO         1145    i.__mathlib_dbl_underflow  m_ps.l(dunder.o)
    0x00001194   0x00001194   0x0000000e   Code   RO         1204    i.__scatterload_copy  mc_p.l(handlers.o)
    0x000011a2   0x000011a2   0x00000002   Code   RO         1205    i.__scatterload_null  mc_p.l(handlers.o)
    0x000011a4   0x000011a4   0x0000000e   Code   RO         1206    i.__scatterload_zeroinit  mc_p.l(handlers.o)
    0x000011b2   0x000011b2   0x00000002   PAD
    0x000011b4   0x000011b4   0x0000000c   Code   RO         1178    i.__set_errno       mc_p.l(errno.o)
    0x000011c0   0x000011c0   0x0000021c   Code   RO         1095    i.atan              m_ps.l(atan.o)
    0x000013dc   0x000013dc   0x00000054   Code   RO          858    i.clear_LCD         lcd.o
    0x00001430   0x00001430   0x000000ce   Code   RO         1052    i.draw_Circle       draw2d.o
    0x000014fe   0x000014fe   0x00000002   PAD
    0x00001500   0x00001500   0x00000048   Code   RO          876    i.draw_Pixel        lcd.o
    0x00001548   0x00001548   0x00000026   Code   RO          877    i.init_LCD          lcd.o
    0x0000156e   0x0000156e   0x00000002   PAD
    0x00001570   0x00001570   0x00000024   Code   RO          878    i.init_SPI3         lcd.o
    0x00001594   0x00001594   0x00000070   Code   RO          879    i.lcdSetAddr        lcd.o
    0x00001604   0x00001604   0x00000028   Code   RO          880    i.lcdWriteCommand   lcd.o
    0x0000162c   0x0000162c   0x0000002c   Code   RO          881    i.lcdWriteData      lcd.o
    0x00001658   0x00001658   0x0000019c   Code   RO          615    i.main              main.o
    0x000017f4   0x000017f4   0x000009fc   Code   RO         1105    i.pow               m_ps.l(pow.o)
    0x000021f0   0x000021f0   0x00000048   Code   RO         1115    i.sqrt              m_ps.l(sqrt.o)
    0x00002238   0x00002238   0x00000038   Data   RO          224    .constdata          clk.o
    0x00002270   0x00002270   0x00000098   Data   RO         1096    .constdata          m_ps.l(atan.o)
    0x00002308   0x00002308   0x00000088   Data   RO         1106    .constdata          m_ps.l(pow.o)
    0x00002390   0x00002390   0x00000008   Data   RO         1157    .constdata          m_ps.l(qnan.o)
    0x00002398   0x00002398   0x00000020   Data   RO         1202    Region$$Table       anon$$obj.o


    Execution Region ER_RW (Exec base: 0x20000000, Load base: 0x000023b8, Size: 0x00000030, Max: 0xffffffff, ABSOLUTE)

    Exec Addr    Load Addr    Size         Type   Attr      Idx    E Section Name        Object

    0x20000000   0x000023b8   0x0000002c   Data   RW            5    .data               system_nuc100series.o
    0x2000002c   0x000023e4   0x00000004   Data   RW         1179    .data               mc_p.l(errno.o)


    Execution Region ER_ZI (Exec base: 0x20000030, Load base: 0x000023e8, Size: 0x00000800, Max: 0xffffffff, ABSOLUTE)

    Exec Addr    Load Addr    Size         Type   Attr      Idx    E Section Name        Object

    0x20000030        -       0x00000400   Zero   RW          887    .bss                lcd.o
    0x20000430        -       0x00000400   Zero   RW          112    STACK               startup_nuc100series.o


==============================================================================

Image component sizes


      Code (inc. data)   RO Data    RW Data    ZI Data      Debug   Object Name

       928        126         56          0          0       7212   clk.o
       206          0          0          0          0       1094   draw2d.o
        56          6          0          0          0       1095   i2c.o
       232          0          0          0          0      96149   i2cdev.o
       426         34          0          0       1024       6079   lcd.o
       412         32          0          0          0      20183   main.o
       172          8          0          0          0       4488   mpu6050.o
       462         34          0          0          0       3215   spi.o
        76         32        192          0       1024        796   startup_nuc100series.o
       152         18          0          0          0      35251   sys_init.o
       146         26          0         44          0     118463   system_nuc100series.o

    ----------------------------------------------------------------------
      3274        316        280         44       2048     294025   Object Totals
         0          0         32          0          0          0   (incl. Generated)
         6          0          0          0          0          0   (incl. Padding)

    ----------------------------------------------------------------------

      Code (inc. data)   RO Data    RW Data    ZI Data      Debug   Library Member Name

       540         68        152          0          0        112   atan.o
        94         14          0          0          0        408   dunder.o
        44          4          0          0          0         60   fpclassify.o
       172          0          0          0          0         76   poly.o
      2556        196        136          0          0        240   pow.o
         0          0          8          0          0          0   qnan.o
        72          6          0          0          0         76   sqrt.o
         0          0          0          0          0          0   entry.o
         0          0          0          0          0          0   entry10a.o
         0          0          0          0          0          0   entry11a.o
         8          4          0          0          0          0   entry2.o
         4          0          0          0          0          0   entry5.o
         0          0          0          0          0          0   entry7b.o
         0          0          0          0          0          0   entry8b.o
         8          4          0          0          0          0   entry9a.o
        12          6          0          4          0         60   errno.o
        30          0          0          0          0          0   handlers.o
        36          8          0          0          0         68   init.o
         0          0          0          0          0          0   iusefp.o
        32          0          0          0          0         68   llshl.o
        38          0          0          0          0         68   llsshr.o
        34          0          0          0          0         68   llushr.o
        44          0          0          0          0         72   uidiv.o
        40          2          0          0          0         68   cdrcmple.o
        56          0          0          0          0         68   d2f.o
       356          4          0          0          0        140   dadd.o
       240          6          0          0          0         84   ddiv.o
       236          0          0          0          0        216   depilogue.o
        40          6          0          0          0         68   dflti.o
       208          6          0          0          0         88   dmul.o
        44          0          0          0          0         72   dscalb.o
       162          0          0          0          0         80   dsqrt.o
       130          0          0          0          0        144   fepilogue.o
        50          0          0          0          0         60   ffixi.o

    ----------------------------------------------------------------------
      5294        334        296          4          0       2464   Library Totals
         8          0          0          0          0          0   (incl. Padding)

    ----------------------------------------------------------------------

      Code (inc. data)   RO Data    RW Data    ZI Data      Debug   Library Name

      3478        288        296          0          0        972   m_ps.l
       246         22          0          4          0        404   mc_p.l
      1562         24          0          0          0       1088   mf_p.l

    ----------------------------------------------------------------------
      5294        334        296          4          0       2464   Library Totals

    ----------------------------------------------------------------------

==============================================================================


      Code (inc. data)   RO Data    RW Data    ZI Data      Debug   

      8568        650        576         48       2048     294081   Grand Totals
      8568        650        576         48       2048     294081   ELF Image Totals
      8568        650        576         48          0          0   ROM Totals

==============================================================================

    Total RO  Size (Code + RO Data)                 9144 (   8.93kB)
    Total RW  Size (RW Data + ZI Data)              2096 (   2.05kB)
    Total ROM Size (Code + RO Data + RW Data)       9192 (   8.98kB)

==============================================================================

