<html>
<body>
<pre>
<h1>µVision Build Log</h1>
<h2>Tool Versions:</h2>
IDE-Version: £gVision V5.31.0.0
Copyright (C) 2020 ARM Ltd and ARM Germany GmbH. All rights reserved.
License Information: PC234,  , LIC=----
 
Tool Versions:
Toolchain:       MDK-Lite  Version: 5.31.0.0
Toolchain Path:  C:\Keil_v5\ARM\ARMCC\Bin
C Compiler:      Armcc.exe V5.06 update 6 (build 750)
Assembler:       Armasm.exe V5.06 update 6 (build 750)
Linker/Locator:  ArmLink.exe V5.06 update 6 (build 750)
Library Manager: ArmAr.exe V5.06 update 6 (build 750)
Hex Converter:   FromElf.exe V5.06 update 6 (build 750)
CPU DLL:         SARMCM3.DLL V5.31.0.0
Dialog DLL:      DARMCM1.DLL V1.19.3.0
Target DLL:      Nu_Link.dll V3.03
Dialog DLL:      TARMCM1.DLL V1.14.2.0
 
<h2>Project:</h2>
C:\Users\PC234\Desktop\UART0_RX\KEIL\Nu-LB-NUC140_UART0_RX.uvproj
Project File Date:  12/08/2020

<h2>Output:</h2>
*** Using Compiler 'V5.06 update 6 (build 750)', folder: 'C:\Keil_v5\ARM\ARMCC\Bin'
Build target 'UART'
creating preprocessor file for system_NUC100Series.c...
creating preprocessor file for gpio.c...
creating preprocessor file for clk.c...
creating preprocessor file for spi.c...
creating preprocessor file for timer.c...
creating preprocessor file for uart.c...
creating preprocessor file for sys.c...
creating preprocessor file for SYS_init.c...
creating preprocessor file for main.c...
creating preprocessor file for LCD.c...
creating preprocessor file for Seven_Segment.c...
creating preprocessor file for Scankey.c...
compiling main.c...
..\MCU_init.h(26): warning:  #1-D: last line of file ends without a newline
  #define TMR0_OPERATING_FREQ   200 //Hz
..\main.c: 1 warning, 0 errors
linking...
Program Size: Code=4440 RO-data=360 RW-data=2116 ZI-data=2340  
After Build - User command #1: fromelf --bin ".\obj\UART0_RX.axf" --output ".\obj\UART0_RX.bin"
After Build - User command #2: fromelf --text -c ".\obj\UART0_RX.axf" --output ".\obj\UART0_RX.txt"
".\obj\UART0_RX.axf" - 0 Error(s), 1 Warning(s).
Build Time Elapsed:  00:00:01
</pre>
</body>
</html>
