<html>
<body>
<pre>
<h1>µVision Build Log</h1>
<h2>Tool Versions:</h2>
IDE-Version: £gVision V5.31.0.0
Copyright (C) 2020 ARM Ltd and ARM Germany GmbH. All rights reserved.
License Information: a User, a, LIC=----
 
Tool Versions:
Toolchain:       MDK-Lite  Version: 5.31.0.0
Toolchain Path:  C:\Keil_v5\ARM\ARMCC\Bin
C Compiler:      Armcc.exe V5.06 update 6 (build 750)
Assembler:       Armasm.exe V5.06 update 6 (build 750)
Linker/Locator:  ArmLink.exe V5.06 update 6 (build 750)
Library Manager: ArmAr.exe V5.06 update 6 (build 750)
Hex Converter:   FromElf.exe V5.06 update 6 (build 750)
CPU DLL:         SARMCM3.DLL V5.31.0.0
Dialog DLL:      DARMCM1.DLL V1.19.3.0
Target DLL:      Nu_Link.dll V3.03
Dialog DLL:      TARMCM1.DLL V1.14.2.0
 
<h2>Project:</h2>
C:\Users\User\Desktop\Nu-LB-NUC140_BSP3.00.004_v1.4.5\SampleCode\Nu-LB-NUC140\ADC_Mic\KEIL\Nu-LB-NUC140_ADC.uvproj
Project File Date:  12/29/2020

<h2>Output:</h2>
*** Using Compiler 'V5.06 update 6 (build 750)', folder: 'C:\Keil_v5\ARM\ARMCC\Bin'
Build target 'ADC'
creating preprocessor file for clk.c...
creating preprocessor file for pwm.c...
creating preprocessor file for spi.c...
creating preprocessor file for uart.c...
creating preprocessor file for adc.c...
creating preprocessor file for sys.c...
creating preprocessor file for system_NUC100Series.c...
creating preprocessor file for main.c...
creating preprocessor file for SYS_init.c...
creating preprocessor file for LCD.c...
compiling main.c...
..\main.c(179): warning:  #167-D: argument of type "uint8_t *" is incompatible with parameter of type "char *restrict"
  			sprintf(writing, "%03d%03d%03d\n",x,y,(u32ADCvalue/43));
..\main.c: 1 warning, 0 errors
linking...
Program Size: Code=5224 RO-data=528 RW-data=96 ZI-data=2336  
After Build - User command #1: fromelf --bin ".\obj\ADC_LCD.axf" --output ".\obj\ADC_LCD.bin"
After Build - User command #2: fromelf --text -c ".\obj\ADC_LCD.axf" --output ".\obj\ADC_LCD.txt"
".\obj\ADC_LCD.axf" - 0 Error(s), 1 Warning(s).
Build Time Elapsed:  00:00:01
</pre>
</body>
</html>
