<html>
<body>
<pre>
<h1>µVision Build Log</h1>
<h2>Tool Versions:</h2>
IDE-Version: µVision V5.23.0.0
Copyright (C) 2017 ARM Ltd and ARM Germany GmbH. All rights reserved.
License Information: Richard Kuo, NTOU, LIC=EPPPC-76ZB3-8YKVV-PZWTZ-W6ZJA-9UQD9
 
Tool Versions:
Toolchain:       MDK-ARM Professional  Version: 5.23
Toolchain Path:  C:\Keil_v5\ARM\ARMCC\Bin
C Compiler:      Armcc.exe V5.06 update 4 (build 422)
Assembler:       Armasm.exe V5.06 update 4 (build 422)
Linker/Locator:  ArmLink.exe V5.06 update 4 (build 422)
Library Manager: ArmAr.exe V5.06 update 4 (build 422)
Hex Converter:   FromElf.exe V5.06 update 4 (build 422)
CPU DLL:         SARMCM3.DLL V5.23
Dialog DLL:      DARMCM1.DLL V1.17.0.0
Target DLL:      Nu_Link.dll V2.02
Dialog DLL:      TARMCM1.DLL V1.12.0.0
 
<h2>Project:</h2>
C:\Users\RKUO\Documents\NuMicro\SampleCode\Nu-LB-NUC140_BSP3.00.004_v1.2\SampleCode\Nu-LB-NUC140\LCD_Bmp_Cartoon\KEIL\Nu-LB-NUC140_LCD.uvproj
Project File Date:  02/05/2018

<h2>Output:</h2>
*** Using Compiler 'V5.06 update 4 (build 422)', folder: 'C:\Keil_v5\ARM\ARMCC\Bin'
Build target 'LCD'
creating preprocessor file for system_NUC100Series.c...
creating preprocessor file for clk.c...
assembling startup_NUC100Series.s...
creating preprocessor file for uart.c...
compiling uart.c...
compiling system_NUC100Series.c...
compiling clk.c...
creating preprocessor file for spi.c...
creating preprocessor file for main.c...
creating preprocessor file for SYS_init.c...
compiling spi.c...
creating preprocessor file for LCD.c...
compiling main.c...
compiling SYS_init.c...
compiling LCD.c...
linking...
Program Size: Code=2728 RO-data=280 RW-data=3628 ZI-data=3076  
After Build - User command #1: fromelf --bin ".\obj\LCD_Bmp_Cartoon.axf" --output ".\obj\LCD_Bmp_Cartoon.bin"
After Build - User command #2: fromelf --text -c ".\obj\LCD_Bmp_Cartoon.axf" --output ".\obj\LCD_Bmp_Cartoon.txt"
".\obj\LCD_Bmp_Cartoon.axf" - 0 Error(s), 0 Warning(s).
Build Time Elapsed:  00:00:05
</pre>
</body>
</html>
