<html>
<body>
<pre>
<h1>µVision Build Log</h1>
<h2>Tool Versions:</h2>
IDE-Version: £gVision V5.31.0.0
Copyright (C) 2020 ARM Ltd and ARM Germany GmbH. All rights reserved.
License Information: a User, a, LIC=----
 
Tool Versions:
Toolchain:       MDK-Lite  Version: 5.31.0.0
Toolchain Path:  C:\Keil_v5\ARM\ARMCC\Bin
C Compiler:      Armcc.exe V5.06 update 6 (build 750)
Assembler:       Armasm.exe V5.06 update 6 (build 750)
Linker/Locator:  ArmLink.exe V5.06 update 6 (build 750)
Library Manager: ArmAr.exe V5.06 update 6 (build 750)
Hex Converter:   FromElf.exe V5.06 update 6 (build 750)
CPU DLL:         SARMCM3.DLL V5.31.0.0
Dialog DLL:      DARMCM1.DLL V1.19.3.0
Target DLL:      Nu_Link.dll V3.03
Dialog DLL:      TARMCM1.DLL V1.14.2.0
 
<h2>Project:</h2>
C:\Users\User\Downloads\Nu-LB-NUC140_BSP3.00.004_v1.2\Nu-LB-NUC140_BSP3.00.004_v1.2\SampleCode\Nu-LB-NUC140\I2C_EEPROM\KEIL\Nu-LB-NUC140_I2C_EEPROM.uvproj
Project File Date:  12/15/2020

<h2>Output:</h2>
*** Using Compiler 'V5.06 update 6 (build 750)', folder: 'C:\Keil_v5\ARM\ARMCC\Bin'
Build target 'I2C_EEPROM'
creating preprocessor file for gpio.c...
creating preprocessor file for retarget.c...
creating preprocessor file for clk.c...
creating preprocessor file for sys.c...
creating preprocessor file for i2c.c...
creating preprocessor file for system_NUC100Series.c...
creating preprocessor file for uart.c...
creating preprocessor file for spi.c...
creating preprocessor file for main.c...
creating preprocessor file for I2Cdev.c...
creating preprocessor file for SYS_init.c...
creating preprocessor file for Scankey.c...
creating preprocessor file for LCD.c...
linking...
Program Size: Code=4640 RO-data=280 RW-data=2064 ZI-data=2064  
After Build - User command #1: fromelf --bin ".\obj\I2C_EEPROM.axf" --output ".\obj\I2C_EEPROM.bin"
After Build - User command #2: fromelf --text -c ".\obj\I2C_EEPROM.axf" --output ".\obj\I2C_EEPROM.txt"
".\obj\I2C_EEPROM.axf" - 0 Error(s), 0 Warning(s).
Build Time Elapsed:  00:00:01
</pre>
</body>
</html>
